// Jest Snapshot v1, https://goo.gl/fbAQLP

exports[`Date RequiredDate should return an function body 1`] = `
Array [
  Object {
    "NotDateFail": [Function],
    "RequiredFail": [Function],
  },
  Array [],
  Array [
    "const value1 = value1",
    "if (value1 !== undefined) {",
    "  if (!(value1 instanceof Date)) {",
    "    errors.push(new NotDateFail(\`Must be a Date object\`, value1, context))",
    "  }",
    "} else {",
    "  errors.push(new RequiredFail(\`Is required\`, value1, context))",
    "}",
  ],
]
`;
