// Jest Snapshot v1, https://goo.gl/fbAQLP

exports[`Float RequiredFloat should return a function body 1`] = `
Array [
  Object {
    "NotFloatFail": [Function],
    "OutOfRangeFail": [Function],
    "RequiredFail": [Function],
  },
  Array [],
  Array [
    "const value1 = value1",
    "if (value1 !== undefined) {",
    "  if (typeof value1 === 'number' && !isNaN(value1 ) && isFinite(value1)) {",
    "    if (value1 < 0 || value1 > 10) {",
    "      errors.push(new OutOfRangeFail(\`Must be between 0 and 10\`, value1, context))",
    "    }",
    "  } else {",
    "    errors.push(new NotFloatFail(\`Must be a float\`, value1, context))",
    "  }",
    "} else {",
    "  errors.push(new RequiredFail(\`Is required\`, value1, context))",
    "}",
  ],
]
`;
