// Jest Snapshot v1, https://goo.gl/fbAQLP

exports[`Null RequiredNull should return a function body 1`] = `
Array [
  Object {
    "NotNullFail": [Function],
    "RequiredFail": [Function],
  },
  Array [],
  Array [
    "const value1 = value1",
    "if (value1 !== undefined) {",
    "  if (value1 !== null) {",
    "    errors.push(new NotNullFail(\`Must be null\`, value1, context))",
    "  }",
    "} else {",
    "  errors.push(new RequiredFail(\`Is required\`, value1, context))",
    "}",
  ],
]
`;
