// Jest Snapshot v1, https://goo.gl/fbAQLP

exports[`String (optimize: %s) RequiredString should return an function body 1`] = `
Array [
  Object {
    "NotStringFail": [Function],
    "RequiredFail": [Function],
    "WrongLengthFail": [Function],
  },
  Array [],
  Array [
    "const value1 = value1",
    "if (value1 !== undefined) {",
    "  if (typeof value1 === 'string') {",
    "    if (value1.length > 10) {",
    "      errors.push(new WrongLengthFail(\`Must contain between 0 and 10 characters\`, value1, context))",
    "    }",
    "  } else {",
    "    errors.push(new NotStringFail(\`Must be a string\`, value1, context))",
    "  }",
    "} else {",
    "  errors.push(new RequiredFail(\`Is required\`, value1, context))",
    "}",
  ],
]
`;
